\BOOKMARK [0][-]{chapter.1}{Lecture 1: Sets and inequalities}{}% 1
\BOOKMARK [1][-]{section.1.1}{Sets}{chapter.1}% 2
\BOOKMARK [2][-]{subsection.1.1.1}{Examples}{section.1.1}% 3
\BOOKMARK [1][-]{section.1.2}{Elements and subsets of sets}{chapter.1}% 4
\BOOKMARK [1][-]{section.1.3}{Universal set, complements, intersections and unions}{chapter.1}% 5
\BOOKMARK [1][-]{section.1.4}{Some very useful properties of sets}{chapter.1}% 6
\BOOKMARK [2][-]{subsection.1.4.1}{Examples}{section.1.4}% 7
\BOOKMARK [1][-]{section.1.5}{Inequalities}{chapter.1}% 8
\BOOKMARK [2][-]{subsection.1.5.1}{Examples}{section.1.5}% 9
\BOOKMARK [2][-]{subsection.1.5.2}{Intervals}{section.1.5}% 10
\BOOKMARK [2][-]{subsection.1.5.3}{Three rules for rearranging inequalities}{section.1.5}% 11
\BOOKMARK [2][-]{subsection.1.5.4}{Example}{section.1.5}% 12
\BOOKMARK [2][-]{subsection.1.5.5}{Example}{section.1.5}% 13
\BOOKMARK [2][-]{subsection.1.5.6}{Absolute value notation}{section.1.5}% 14
\BOOKMARK [2][-]{subsection.1.5.7}{Example}{section.1.5}% 15
\BOOKMARK [0][-]{chapter.2}{Lecture 2: Probabilities}{}% 16
\BOOKMARK [1][-]{section.2.1}{Functions and probability measures}{chapter.2}% 17
\BOOKMARK [2][-]{subsection.2.1.1}{Some terminology}{section.2.1}% 18
\BOOKMARK [2][-]{subsection.2.1.2}{Example}{section.2.1}% 19
\BOOKMARK [2][-]{subsection.2.1.3}{Intro to functions}{section.2.1}% 20
\BOOKMARK [2][-]{subsection.2.1.4}{Probability measure axioms}{section.2.1}% 21
\BOOKMARK [2][-]{subsection.2.1.5}{Example}{section.2.1}% 22
\BOOKMARK [2][-]{subsection.2.1.6}{Consequences of probability measure axioms}{section.2.1}% 23
\BOOKMARK [2][-]{subsection.2.1.7}{Example \(consequence 4\)}{section.2.1}% 24
\BOOKMARK [1][-]{section.2.2}{Assigning probabilities to events}{chapter.2}% 25
\BOOKMARK [2][-]{subsection.2.2.1}{Example}{section.2.2}% 26
\BOOKMARK [2][-]{subsection.2.2.2}{Equally likely outcomes}{section.2.2}% 27
\BOOKMARK [2][-]{subsection.2.2.3}{Example}{section.2.2}% 28
\BOOKMARK [2][-]{subsection.2.2.4}{Example}{section.2.2}% 29
\BOOKMARK [0][-]{chapter.3}{Lecture 3: Combinatorics}{}% 30
\BOOKMARK [1][-]{subsection.3.0.1}{Example}{chapter.3}% 31
\BOOKMARK [2][-]{subsection.3.0.2}{Example}{subsection.3.0.1}% 32
\BOOKMARK [2][-]{subsection.3.0.3}{Ordered and unordered lists}{subsection.3.0.1}% 33
\BOOKMARK [2][-]{subsection.3.0.4}{The multiplication rule}{subsection.3.0.1}% 34
\BOOKMARK [2][-]{subsection.3.0.5}{Example}{subsection.3.0.1}% 35
\BOOKMARK [2][-]{subsection.3.0.6}{Example}{subsection.3.0.1}% 36
\BOOKMARK [2][-]{subsection.3.0.7}{Example}{subsection.3.0.1}% 37
\BOOKMARK [2][-]{subsection.3.0.8}{Factorial notation}{subsection.3.0.1}% 38
\BOOKMARK [2][-]{subsection.3.0.9}{Selection \(sampling\) with/without order and with/without replacement}{subsection.3.0.1}% 39
\BOOKMARK [2][-]{subsection.3.0.10}{Example}{subsection.3.0.1}% 40
\BOOKMARK [1][-]{section.3.1}{Counting possible choices}{chapter.3}% 41
\BOOKMARK [2][-]{subsection.3.1.1}{Ordered sampling with replacement}{section.3.1}% 42
\BOOKMARK [2][-]{subsection.3.1.2}{Ordered sampling without replacement}{section.3.1}% 43
\BOOKMARK [2][-]{subsection.3.1.3}{Unordered sampling without replacement}{section.3.1}% 44
\BOOKMARK [2][-]{subsection.3.1.4}{Finding probabilities by counting}{section.3.1}% 45
\BOOKMARK [2][-]{subsection.3.1.5}{Example}{section.3.1}% 46
\BOOKMARK [2][-]{subsection.3.1.6}{Binomial Coefficients}{section.3.1}% 47
\BOOKMARK [0][-]{chapter.4}{Lecture 4: Sequences and limits}{}% 48
\BOOKMARK [1][-]{subsection.4.0.1}{Example}{chapter.4}% 49
\BOOKMARK [2][-]{subsection.4.0.2}{Application of sequences in statistics}{subsection.4.0.1}% 50
\BOOKMARK [2][-]{subsection.4.0.3}{Example}{subsection.4.0.1}% 51
\BOOKMARK [2][-]{subsection.4.0.4}{The limit of a sequence, convergence, and divergence}{subsection.4.0.1}% 52
\BOOKMARK [2][-]{subsection.4.0.5}{Example}{subsection.4.0.1}% 53
\BOOKMARK [2][-]{subsection.4.0.6}{Useful facts about limits of sequences}{subsection.4.0.1}% 54
\BOOKMARK [2][-]{subsection.4.0.7}{Example}{subsection.4.0.1}% 55
\BOOKMARK [2][-]{subsection.4.0.8}{A special sequence and its limit \(the number e\)}{subsection.4.0.1}% 56
\BOOKMARK [2][-]{subsection.4.0.9}{Checking that a sequence can be used as a probability measure}{subsection.4.0.1}% 57
\BOOKMARK [1][-]{section.4.1}{Summation and series}{chapter.4}% 58
\BOOKMARK [2][-]{subsection.4.1.1}{Summation}{section.4.1}% 59
\BOOKMARK [2][-]{subsection.4.1.2}{Examples}{section.4.1}% 60
\BOOKMARK [2][-]{subsection.4.1.3}{Example}{section.4.1}% 61
\BOOKMARK [2][-]{subsection.4.1.4}{Example}{section.4.1}% 62
\BOOKMARK [2][-]{subsection.4.1.5}{Series}{section.4.1}% 63
\BOOKMARK [1][-]{section.4.2}{Geometric series}{chapter.4}% 64
\BOOKMARK [2][-]{subsection.4.2.1}{Example}{section.4.2}% 65
\BOOKMARK [2][-]{subsection.4.2.2}{Example}{section.4.2}% 66
\BOOKMARK [2][-]{subsection.4.2.3}{Linearity properties of summation}{section.4.2}% 67
\BOOKMARK [2][-]{subsection.4.2.4}{Example}{section.4.2}% 68
\BOOKMARK [2][-]{subsection.4.2.5}{Using power series to represent functions}{section.4.2}% 69
\BOOKMARK [0][-]{chapter.5}{Lecture 5: Conditional probability}{}% 70
\BOOKMARK [1][-]{subsection.5.0.1}{Example}{chapter.5}% 71
\BOOKMARK [2][-]{subsection.5.0.2}{Conditional probability on a Venn diagram}{subsection.5.0.1}% 72
\BOOKMARK [2][-]{subsection.5.0.3}{Definition of conditional probability}{subsection.5.0.1}% 73
\BOOKMARK [2][-]{subsection.5.0.4}{Example}{subsection.5.0.1}% 74
\BOOKMARK [2][-]{subsection.5.0.5}{The multiplication law}{subsection.5.0.1}% 75
\BOOKMARK [2][-]{subsection.5.0.6}{Example}{subsection.5.0.1}% 76
\BOOKMARK [2][-]{subsection.5.0.7}{Conditional probability and the probability measure axioms}{subsection.5.0.1}% 77
\BOOKMARK [1][-]{section.5.1}{Law of total probability}{chapter.5}% 78
\BOOKMARK [2][-]{subsection.5.1.1}{Example}{section.5.1}% 79
\BOOKMARK [2][-]{subsection.5.1.2}{Bayes' rule}{section.5.1}% 80
\BOOKMARK [2][-]{subsection.5.1.3}{Example}{section.5.1}% 81
\BOOKMARK [0][-]{chapter.6}{Lecture 6: Independence}{}% 82
\BOOKMARK [1][-]{subsection.6.0.1}{Example}{chapter.6}% 83
\BOOKMARK [2][-]{subsection.6.0.2}{Definition of independence}{subsection.6.0.1}% 84
\BOOKMARK [2][-]{subsection.6.0.3}{Example}{subsection.6.0.1}% 85
\BOOKMARK [2][-]{subsection.6.0.4}{Example}{subsection.6.0.1}% 86
\BOOKMARK [2][-]{subsection.6.0.5}{Pairwise vs mutual independence}{subsection.6.0.1}% 87
\BOOKMARK [2][-]{subsection.6.0.6}{Example}{subsection.6.0.1}% 88
\BOOKMARK [2][-]{subsection.6.0.7}{Definition of mutual independence}{subsection.6.0.1}% 89
\BOOKMARK [2][-]{subsection.6.0.8}{Example}{subsection.6.0.1}% 90
\BOOKMARK [2][-]{subsection.6.0.9}{Addition Law revisited}{subsection.6.0.1}% 91
\BOOKMARK [2][-]{subsection.6.0.10}{Example}{subsection.6.0.1}% 92
\BOOKMARK [0][-]{chapter.7}{Lecture 7: Special functions \(and some revision\)}{}% 93
\BOOKMARK [1][-]{subsection.7.0.1}{Index laws}{chapter.7}% 94
\BOOKMARK [2][-]{subsection.7.0.2}{Example}{subsection.7.0.1}% 95
\BOOKMARK [2][-]{subsection.7.0.3}{Example}{subsection.7.0.1}% 96
\BOOKMARK [2][-]{subsection.7.0.4}{Example}{subsection.7.0.1}% 97
\BOOKMARK [2][-]{subsection.7.0.5}{Fractional indices and roots}{subsection.7.0.1}% 98
\BOOKMARK [2][-]{subsection.7.0.6}{Introduction to functions and their graphs}{subsection.7.0.1}% 99
\BOOKMARK [2][-]{subsection.7.0.7}{Straight line functions [y = mx + c]}{subsection.7.0.1}% 100
\BOOKMARK [1][-]{section.7.1}{Continuity and discontinuity}{chapter.7}% 101
\BOOKMARK [1][-]{section.7.2}{Non-linear functions}{chapter.7}% 102
\BOOKMARK [2][-]{subsection.7.2.1}{Powers \(natural number\) [y = xn]}{section.7.2}% 103
\BOOKMARK [2][-]{subsection.7.2.2}{Polynomials [y = a + bx + cx2 + \203]}{section.7.2}% 104
\BOOKMARK [2][-]{subsection.7.2.3}{Rational functions [y = p\(x\)q\(x\)]}{section.7.2}% 105
\BOOKMARK [2][-]{subsection.7.2.4}{Powers \(non-integer\) [y = x1n]}{section.7.2}% 106
\BOOKMARK [2][-]{subsection.7.2.5}{Exponentials [y = bx]}{section.7.2}% 107
\BOOKMARK [1][-]{section.7.3}{Logarithms [y = logb\(x\)]}{chapter.7}% 108
\BOOKMARK [2][-]{subsection.7.3.1}{Graphing logarithms}{section.7.3}% 109
\BOOKMARK [2][-]{subsection.7.3.2}{Logarithm laws}{section.7.3}% 110
\BOOKMARK [2][-]{subsection.7.3.3}{Example}{section.7.3}% 111
\BOOKMARK [2][-]{subsection.7.3.4}{Examples:}{section.7.3}% 112
\BOOKMARK [1][-]{section.7.4}{Gaussian curve \(or Bell curve\)}{chapter.7}% 113
\BOOKMARK [0][-]{chapter.8}{Lecture 8: Random variables, probability mass functions, and cumulative distribution functions}{}% 114
\BOOKMARK [1][-]{subsection.8.0.1}{Example}{chapter.8}% 115
\BOOKMARK [2][-]{subsection.8.0.2}{Random variables are functions}{subsection.8.0.1}% 116
\BOOKMARK [2][-]{subsection.8.0.3}{Probability measures and random variables}{subsection.8.0.1}% 117
\BOOKMARK [2][-]{subsection.8.0.4}{Disjoint events and random variables}{subsection.8.0.1}% 118
\BOOKMARK [2][-]{subsection.8.0.5}{Discrete vs continuous random variables}{subsection.8.0.1}% 119
\BOOKMARK [2][-]{subsection.8.0.6}{Example}{subsection.8.0.1}% 120
\BOOKMARK [1][-]{section.8.1}{Probability mass function}{chapter.8}% 121
\BOOKMARK [2][-]{subsection.8.1.1}{Example}{section.8.1}% 122
\BOOKMARK [2][-]{subsection.8.1.2}{Example}{section.8.1}% 123
\BOOKMARK [2][-]{subsection.8.1.3}{Example}{section.8.1}% 124
\BOOKMARK [1][-]{section.8.2}{Cumulative distribution function}{chapter.8}% 125
\BOOKMARK [1][-]{section.8.3}{Independence and discrete random variables}{chapter.8}% 126
\BOOKMARK [2][-]{subsection.8.3.1}{Example}{section.8.3}% 127
\BOOKMARK [0][-]{chapter.9}{Lecture 9: Functions: domain, range, one-to-one, inverse}{}% 128
\BOOKMARK [1][-]{subsection.9.0.1}{Example}{chapter.9}% 129
\BOOKMARK [2][-]{subsection.9.0.2}{Interval notation}{subsection.9.0.1}% 130
\BOOKMARK [2][-]{subsection.9.0.3}{Example}{subsection.9.0.1}% 131
\BOOKMARK [1][-]{section.9.1}{Inverse functions}{chapter.9}% 132
\BOOKMARK [2][-]{subsection.9.1.1}{codomain vs range}{section.9.1}% 133
\BOOKMARK [2][-]{subsection.9.1.2}{one-to-one functions}{section.9.1}% 134
\BOOKMARK [2][-]{subsection.9.1.3}{Example}{section.9.1}% 135
\BOOKMARK [2][-]{subsection.9.1.4}{Composition of functions}{section.9.1}% 136
\BOOKMARK [2][-]{subsection.9.1.5}{Definition of inverse function}{section.9.1}% 137
\BOOKMARK [2][-]{subsection.9.1.6}{Example}{section.9.1}% 138
\BOOKMARK [2][-]{subsection.9.1.7}{Definition of square root}{section.9.1}% 139
\BOOKMARK [2][-]{subsection.9.1.8}{Example}{section.9.1}% 140
\BOOKMARK [0][-]{chapter.10}{Lecture 10: Bernoulli random variables and the binomial distribution}{}% 141
\BOOKMARK [1][-]{section.10.1}{Bernoulli Random Variables}{chapter.10}% 142
\BOOKMARK [2][-]{subsection.10.1.1}{Example}{section.10.1}% 143
\BOOKMARK [2][-]{subsection.10.1.2}{Example}{section.10.1}% 144
\BOOKMARK [2][-]{subsection.10.1.3}{Example}{section.10.1}% 145
\BOOKMARK [2][-]{subsection.10.1.4}{Example}{section.10.1}% 146
\BOOKMARK [1][-]{section.10.2}{The binomial distribution}{chapter.10}% 147
\BOOKMARK [2][-]{subsection.10.2.1}{Checking validity of Bin\(bold0mu mumu n,pn,pn,pn,pn,pn,p\)}{section.10.2}% 148
\BOOKMARK [2][-]{subsection.10.2.2}{Example}{section.10.2}% 149
\BOOKMARK [2][-]{subsection.10.2.3}{Example}{section.10.2}% 150
\BOOKMARK [2][-]{subsection.10.2.4}{Example}{section.10.2}% 151
\BOOKMARK [1][-]{section.10.3}{Our usage of bold0mu mumu pppppp, bold0mu mumu p\(k\)p\(k\)p\(k\)p\(k\)p\(k\)p\(k\), bold0mu mumu P\(X = k\)P\(X = k\)P\(X = k\)P\(X = k\)P\(X = k\)P\(X = k\) and bold0mu mumu F\(k\)F\(k\)F\(k\)F\(k\)F\(k\)F\(k\)}{chapter.10}% 152
\BOOKMARK [0][-]{chapter.11}{Lecture 11: Hypergeometric distribution}{}% 153
\BOOKMARK [1][-]{subsection.11.0.1}{Motivating example}{chapter.11}% 154
\BOOKMARK [2][-]{subsection.11.0.2}{The hypergeometric distribution}{subsection.11.0.1}% 155
\BOOKMARK [2][-]{subsection.11.0.3}{Example}{subsection.11.0.1}% 156
\BOOKMARK [2][-]{subsection.11.0.4}{Example}{subsection.11.0.1}% 157
\BOOKMARK [2][-]{subsection.11.0.5}{Checking validity of Hypergeom\(bold0mu mumu N,M,nN,M,nN,M,nN,M,nN,M,nN,M,n\)}{subsection.11.0.1}% 158
\BOOKMARK [1][-]{section.11.1}{Relationship between Hypergeom\(N,M,n\) and Binom\(n,p\)}{chapter.11}% 159
\BOOKMARK [2][-]{subsection.11.1.1}{A nice symmetry property}{section.11.1}% 160
\BOOKMARK [2][-]{subsection.11.1.2}{Example}{section.11.1}% 161
\BOOKMARK [2][-]{subsection.11.1.3}{Example}{section.11.1}% 162
\BOOKMARK [0][-]{chapter.12}{Lecture 12: Calculus \(intro to derivatives\)}{}% 163
\BOOKMARK [1][-]{subsection.12.0.1}{Increasing and decreasing functions}{chapter.12}% 164
\BOOKMARK [2][-]{subsection.12.0.2}{Example}{subsection.12.0.1}% 165
\BOOKMARK [2][-]{subsection.12.0.3}{Example}{subsection.12.0.1}% 166
\BOOKMARK [2][-]{subsection.12.0.4}{Rise over run \(slope\)}{subsection.12.0.1}% 167
\BOOKMARK [2][-]{subsection.12.0.5}{Example}{subsection.12.0.1}% 168
\BOOKMARK [1][-]{section.12.1}{Rate of change and the definition of derivative}{chapter.12}% 169
\BOOKMARK [2][-]{subsection.12.1.1}{Formulas for finding derivatives}{section.12.1}% 170
\BOOKMARK [2][-]{subsection.12.1.2}{Example}{section.12.1}% 171
\BOOKMARK [2][-]{subsection.12.1.3}{Example}{section.12.1}% 172
\BOOKMARK [2][-]{subsection.12.1.4}{Existence of derivatives}{section.12.1}% 173
\BOOKMARK [1][-]{section.12.2}{More formulas for finding derivatives}{chapter.12}% 174
\BOOKMARK [2][-]{subsection.12.2.1}{Exponential function}{section.12.2}% 175
\BOOKMARK [2][-]{subsection.12.2.2}{Example}{section.12.2}% 176
\BOOKMARK [2][-]{subsection.12.2.3}{Logarithm function}{section.12.2}% 177
\BOOKMARK [2][-]{subsection.12.2.4}{Example}{section.12.2}% 178
\BOOKMARK [1][-]{section.12.3}{Application of derivatives: turning points}{chapter.12}% 179
\BOOKMARK [0][-]{chapter.13}{Lecture 13: Intro to integrals}{}% 180
\BOOKMARK [1][-]{subsection.13.0.1}{Some important formulas for integrals}{chapter.13}% 181
\BOOKMARK [2][-]{subsection.13.0.2}{An important definition}{subsection.13.0.1}% 182
\BOOKMARK [1][-]{section.13.1}{Accumulation functions}{chapter.13}% 183
\BOOKMARK [2][-]{subsection.13.1.1}{Fundamental theorem of calculus}{section.13.1}% 184
\BOOKMARK [1][-]{section.13.2}{Finding antiderivatives}{chapter.13}% 185
\BOOKMARK [2][-]{subsection.13.2.1}{Some notation for antiderivatives}{section.13.2}% 186
\BOOKMARK [2][-]{subsection.13.2.2}{Example}{section.13.2}% 187
\BOOKMARK [1][-]{section.13.3}{Using FTC to find definite integrals}{chapter.13}% 188
\BOOKMARK [2][-]{subsection.13.3.1}{Example}{section.13.3}% 189
\BOOKMARK [2][-]{subsection.13.3.2}{Example}{section.13.3}% 190
\BOOKMARK [2][-]{subsection.13.3.3}{Example}{section.13.3}% 191
\BOOKMARK [0][-]{chapter.14}{Lecture 14: Geometric, Poisson, and negative binomial distribution}{}% 192
\BOOKMARK [1][-]{section.14.1}{Geometric distribution}{chapter.14}% 193
\BOOKMARK [2][-]{subsection.14.1.1}{Example}{section.14.1}% 194
\BOOKMARK [2][-]{subsection.14.1.2}{Example}{section.14.1}% 195
\BOOKMARK [2][-]{subsection.14.1.3}{Checking validity of Geom\(bold0mu mumu pppppp\)}{section.14.1}% 196
\BOOKMARK [2][-]{subsection.14.1.4}{Cumulative distribution function for Geom\(bold0mu mumu pppppp\)}{section.14.1}% 197
\BOOKMARK [1][-]{section.14.2}{Poisson distribution}{chapter.14}% 198
\BOOKMARK [2][-]{subsection.14.2.1}{Example}{section.14.2}% 199
\BOOKMARK [2][-]{subsection.14.2.2}{Checking validity of Poi\(bold0mu mumu \)}{section.14.2}% 200
\BOOKMARK [1][-]{section.14.3}{Negative binomial distribution}{chapter.14}% 201
\BOOKMARK [2][-]{subsection.14.3.1}{Example}{section.14.3}% 202
\BOOKMARK [0][-]{chapter.15}{Lecture 15: Continuous random variables, uniform distribution, and percentiles}{}% 203
\BOOKMARK [1][-]{section.15.1}{Continuous random variables}{chapter.15}% 204
\BOOKMARK [2][-]{subsection.15.1.1}{Probability density function}{section.15.1}% 205
\BOOKMARK [2][-]{subsection.15.1.2}{Example}{section.15.1}% 206
\BOOKMARK [2][-]{subsection.15.1.3}{Using a pdf to give probabilities}{section.15.1}% 207
\BOOKMARK [2][-]{subsection.15.1.4}{Example}{section.15.1}% 208
\BOOKMARK [2][-]{subsection.15.1.5}{Cdf of a continuous distribution}{section.15.1}% 209
\BOOKMARK [1][-]{section.15.2}{Uniform distribution}{chapter.15}% 210
\BOOKMARK [2][-]{subsection.15.2.1}{Example}{section.15.2}% 211
\BOOKMARK [2][-]{subsection.15.2.2}{Cdf of uniform distribution}{section.15.2}% 212
\BOOKMARK [1][-]{section.15.3}{Inverse functions and percentiles}{chapter.15}% 213
\BOOKMARK [2][-]{subsection.15.3.1}{Example}{section.15.3}% 214
\BOOKMARK [0][-]{chapter.16}{Lecture 16: Derivatives of more complicated functions}{}% 215
\BOOKMARK [1][-]{section.16.1}{Product rule}{chapter.16}% 216
\BOOKMARK [2][-]{subsection.16.1.1}{Example}{section.16.1}% 217
\BOOKMARK [1][-]{section.16.2}{Chain rule}{chapter.16}% 218
\BOOKMARK [2][-]{subsection.16.2.1}{Example}{section.16.2}% 219
\BOOKMARK [2][-]{subsection.16.2.2}{Example}{section.16.2}% 220
\BOOKMARK [2][-]{subsection.16.2.3}{Example}{section.16.2}% 221
\BOOKMARK [2][-]{subsection.16.2.4}{The simplest type of chain}{section.16.2}% 222
\BOOKMARK [2][-]{subsection.16.2.5}{Example}{section.16.2}% 223
\BOOKMARK [1][-]{section.16.3}{Products involving chains}{chapter.16}% 224
\BOOKMARK [2][-]{subsection.16.3.1}{Example}{section.16.3}% 225
\BOOKMARK [1][-]{section.16.4}{The quotient rule}{chapter.16}% 226
\BOOKMARK [2][-]{subsection.16.4.1}{Example}{section.16.4}% 227
\BOOKMARK [1][-]{section.16.5}{Definition of mode \(and how to find it\)}{chapter.16}% 228
\BOOKMARK [2][-]{subsection.16.5.1}{Example}{section.16.5}% 229
\BOOKMARK [0][-]{chapter.17}{Lecture 17: Exponential and gamma distributions}{}% 230
\BOOKMARK [1][-]{section.17.1}{Exponential distribution}{chapter.17}% 231
\BOOKMARK [2][-]{subsection.17.1.1}{Cdf of exponential distribution}{section.17.1}% 232
\BOOKMARK [2][-]{subsection.17.1.2}{Example}{section.17.1}% 233
\BOOKMARK [2][-]{subsection.17.1.3}{Example}{section.17.1}% 234
\BOOKMARK [2][-]{subsection.17.1.4}{Example}{section.17.1}% 235
\BOOKMARK [1][-]{section.17.2}{The gamma function}{chapter.17}% 236
\BOOKMARK [2][-]{subsection.17.2.1}{Important properties of the gamma function}{section.17.2}% 237
\BOOKMARK [1][-]{section.17.3}{Gamma distribution}{chapter.17}% 238
\BOOKMARK [1][-]{section.17.4}{Memoryless property}{chapter.17}% 239
\BOOKMARK [0][-]{chapter.18}{Lecture 18: Antiderivatives of more complicated functions I}{}% 240
\BOOKMARK [1][-]{section.18.1}{Integration by parts}{chapter.18}% 241
\BOOKMARK [2][-]{subsection.18.1.1}{Example}{section.18.1}% 242
\BOOKMARK [2][-]{subsection.18.1.2}{Antiderivative of bold0mu mumu ln\(x\)ln\(x\)ln\(x\)ln\(x\)ln\(x\)ln\(x\)}{section.18.1}% 243
\BOOKMARK [1][-]{section.18.2}{Integration by parts with definite integrals}{chapter.18}% 244
\BOOKMARK [2][-]{subsection.18.2.1}{Example}{section.18.2}% 245
\BOOKMARK [1][-]{section.18.3}{Proofs for some properties of the gamma function}{chapter.18}% 246
\BOOKMARK [0][-]{chapter.19}{Lecture 19: Antiderivatives of more complicated functions II}{}% 247
\BOOKMARK [1][-]{section.19.1}{Integration by substitution}{chapter.19}% 248
\BOOKMARK [2][-]{subsection.19.1.1}{The simplest type of substitution}{section.19.1}% 249
\BOOKMARK [2][-]{subsection.19.1.2}{Simple substitution with integration by parts}{section.19.1}% 250
\BOOKMARK [2][-]{subsection.19.1.3}{Example}{section.19.1}% 251
\BOOKMARK [1][-]{section.19.2}{Substitution with definite integrals}{chapter.19}% 252
\BOOKMARK [2][-]{subsection.19.2.1}{Example}{section.19.2}% 253
\BOOKMARK [1][-]{section.19.3}{Right-to-left substitution}{chapter.19}% 254
\BOOKMARK [1][-]{section.19.4}{Right-to-left substitution with definite integrals}{chapter.19}% 255
\BOOKMARK [1][-]{section.19.5}{Checking that the pdf of Gamma\(bold0mu mumu , , , , , , \) satisfies axiom 1}{chapter.19}% 256
\BOOKMARK [1][-]{section.19.6}{Random variables and scale}{chapter.19}% 257
\BOOKMARK [0][-]{chapter.20}{Lecture 20: The normal distribution, and some more about functions}{}% 258
\BOOKMARK [1][-]{subsection.20.0.1}{Important fact about increasing functions I}{chapter.20}% 259
\BOOKMARK [1][-]{section.20.1}{Transformations}{chapter.20}% 260
\BOOKMARK [2][-]{subsection.20.1.1}{Dilations/compressions}{section.20.1}% 261
\BOOKMARK [2][-]{subsection.20.1.2}{Translations}{section.20.1}% 262
\BOOKMARK [1][-]{section.20.2}{Symmetry}{chapter.20}% 263
\BOOKMARK [2][-]{subsection.20.2.1}{Even symmetry}{section.20.2}% 264
\BOOKMARK [2][-]{subsection.20.2.2}{Odd symmetry}{section.20.2}% 265
\BOOKMARK [2][-]{subsection.20.2.3}{Sums, products and compositions of even/odd functions}{section.20.2}% 266
\BOOKMARK [2][-]{subsection.20.2.4}{Definite integrals of even/odd functions}{section.20.2}% 267
\BOOKMARK [1][-]{section.20.3}{Normal distribution}{chapter.20}% 268
\BOOKMARK [2][-]{subsection.20.3.1}{Standard normal distribution}{section.20.3}% 269
\BOOKMARK [1][-]{section.20.4}{Other distributions}{chapter.20}% 270
\BOOKMARK [0][-]{chapter.21}{Lecture 21: Transformations of a random variable, and the method of distributions}{}% 271
\BOOKMARK [1][-]{subsection.21.0.1}{Important fact about increasing functions II}{chapter.21}% 272
\BOOKMARK [1][-]{section.21.1}{Transformations \(functions\) of a random variable}{chapter.21}% 273
\BOOKMARK [1][-]{section.21.2}{Method of distributions}{chapter.21}% 274
\BOOKMARK [2][-]{subsection.21.2.1}{Step-by-step with the case bold0mu mumu Y = aX + bY = aX + bY = aX + bY = aX + bY = aX + bY = aX + b}{section.21.2}% 275
\BOOKMARK [2][-]{subsection.21.2.2}{bold0mu mumu Y = aX + bY = aX + bY = aX + bY = aX + bY = aX + bY = aX + b for normal distribution}{section.21.2}% 276
\BOOKMARK [2][-]{subsection.21.2.3}{Example}{section.21.2}% 277
\BOOKMARK [2][-]{subsection.21.2.4}{Standardising a normal distribution}{section.21.2}% 278
\BOOKMARK [2][-]{subsection.21.2.5}{Scaling the gamma distribution}{section.21.2}% 279
\BOOKMARK [1][-]{section.21.3}{Non straight-line transformations}{chapter.21}% 280
\BOOKMARK [2][-]{subsection.21.3.1}{Uniform distribution with bold0mu mumu Y = 1XY = 1XY = 1XY = 1XY = 1XY = 1X}{section.21.3}% 281
\BOOKMARK [2][-]{subsection.21.3.2}{Example}{section.21.3}% 282
\BOOKMARK [1][-]{section.21.4}{Where method of distributions does not work}{chapter.21}% 283
\BOOKMARK [0][-]{chapter.22}{Lecture 22: Tranformation by the cdf, and expected values}{}% 284
\BOOKMARK [1][-]{section.22.1}{Transformation by the cdf}{chapter.22}% 285
\BOOKMARK [2][-]{subsection.22.1.1}{Proof that bold0mu mumu U = FX\(X\)U = FX\(X\)U = FX\(X\)U = FX\(X\)U = FX\(X\)U = FX\(X\)}{section.22.1}% 286
\BOOKMARK [2][-]{subsection.22.1.2}{Proof that bold0mu mumu X = F-1X\(U\)X = F-1X\(U\)X = F-1X\(U\)X = F-1X\(U\)X = F-1X\(U\)X = F-1X\(U\)}{section.22.1}% 287
\BOOKMARK [1][-]{section.22.2}{Expected values}{chapter.22}% 288
\BOOKMARK [2][-]{subsection.22.2.1}{Example \(discrete\)}{section.22.2}% 289
\BOOKMARK [2][-]{subsection.22.2.2}{Expected value of Poisson distribution \(discrete\)}{section.22.2}% 290
\BOOKMARK [2][-]{subsection.22.2.3}{Expected value of Gamma distribution \(continuous\)}{section.22.2}% 291
\BOOKMARK [1][-]{section.22.3}{Expected value of bold0mu mumu g\(X\)g\(X\)g\(X\)g\(X\)g\(X\)g\(X\)}{chapter.22}% 292
\BOOKMARK [2][-]{subsection.22.3.1}{Important properties of expected value}{section.22.3}% 293
\BOOKMARK [2][-]{subsection.22.3.2}{Example \(mean of normal distribution\)}{section.22.3}% 294
\BOOKMARK [0][-]{chapter.23}{Lecture 23: Markov's and Chebyshev's inequalities, variance, and standard deviation}{}% 295
\BOOKMARK [1][-]{section.23.1}{Markov's inequality}{chapter.23}% 296
\BOOKMARK [1][-]{section.23.2}{Variance and standard deviation}{chapter.23}% 297
\BOOKMARK [2][-]{subsection.23.2.1}{Standard deviation}{section.23.2}% 298
\BOOKMARK [2][-]{subsection.23.2.2}{Example \(mean and variance of Bernoulli\)}{section.23.2}% 299
\BOOKMARK [2][-]{subsection.23.2.3}{An alternative form for variance}{section.23.2}% 300
\BOOKMARK [1][-]{section.23.3}{Finding mean and variance under straight line transformations}{chapter.23}% 301
\BOOKMARK [2][-]{subsection.23.3.1}{Standardising a uniform distribution}{section.23.3}% 302
\BOOKMARK [2][-]{subsection.23.3.2}{Mean of a uniform distribution}{section.23.3}% 303
\BOOKMARK [2][-]{subsection.23.3.3}{Variance under a straight line transformation}{section.23.3}% 304
\BOOKMARK [1][-]{section.23.4}{chebyshev's inequality}{chapter.23}% 305
\BOOKMARK [0][-]{chapter.24}{Lecture 24: Summation with two labels}{}% 306
\BOOKMARK [1][-]{subsection.24.0.1}{Refresher on summation with one variable}{chapter.24}% 307
\BOOKMARK [1][-]{section.24.1}{Summation with two labels}{chapter.24}% 308
\BOOKMARK [2][-]{subsection.24.1.1}{Intro to multiple summation}{section.24.1}% 309
\BOOKMARK [2][-]{subsection.24.1.2}{Multiple summation in general}{section.24.1}% 310
\BOOKMARK [1][-]{section.24.2}{Calculating means for discrete random variables}{chapter.24}% 311
\BOOKMARK [2][-]{subsection.24.2.1}{Mean of geometric distribution}{section.24.2}% 312
\BOOKMARK [0][-]{chapter.25}{Lecture 25: Integrating functions of two variables}{}% 313
\BOOKMARK [1][-]{subsection.25.0.1}{Treating one variable as a constant}{chapter.25}% 314
\BOOKMARK [2][-]{subsection.25.0.2}{Doing multiple integration}{subsection.25.0.1}% 315
\BOOKMARK [2][-]{subsection.25.0.3}{Decouple double integrals with product structure}{subsection.25.0.1}% 316
\BOOKMARK [1][-]{section.25.1}{Integral of the Gaussian \(difficult\)}{chapter.25}% 317
\BOOKMARK [2][-]{subsection.25.1.1}{Check validity of pmf of normal distribution}{section.25.1}% 318
\BOOKMARK [2][-]{subsection.25.1.2}{Checking that bold0mu mumu \(12\) = \(12\) = \(12\) = \(12\) = \(12\) = \(12\) = }{section.25.1}% 319
\BOOKMARK [0][-]{chapter.26}{Lecture 26: Joint distributions}{}% 320
\BOOKMARK [1][-]{subsection.26.0.1}{Joint probability mass function}{chapter.26}% 321
\BOOKMARK [2][-]{subsection.26.0.2}{Recovering marginal probabilities}{subsection.26.0.1}% 322
\BOOKMARK [2][-]{subsection.26.0.3}{Joint cumulative distribution function}{subsection.26.0.1}% 323
\BOOKMARK [1][-]{section.26.1}{Multinomial distribution}{chapter.26}% 324
\BOOKMARK [2][-]{subsection.26.1.1}{Marginal probabilities of the multinomial distribution}{section.26.1}% 325
\BOOKMARK [2][-]{subsection.26.1.2}{Example}{section.26.1}% 326
\BOOKMARK [1][-]{section.26.2}{Multi-variate hypergeometric distribution}{chapter.26}% 327
\BOOKMARK [2][-]{subsection.26.2.1}{Example}{section.26.2}% 328
\BOOKMARK [0][-]{chapter.27}{Lecture 27: Multi-variate continuous distributions and conditional probabilities}{}% 329
\BOOKMARK [1][-]{section.27.1}{Multi-variate continuous distributions}{chapter.27}% 330
\BOOKMARK [2][-]{subsection.27.1.1}{Example}{section.27.1}% 331
\BOOKMARK [2][-]{subsection.27.1.2}{Marginal pdfs for jointly continuous distributions}{section.27.1}% 332
\BOOKMARK [2][-]{subsection.27.1.3}{Example}{section.27.1}% 333
\BOOKMARK [1][-]{section.27.2}{Conditional probabilities \(discrete\)}{chapter.27}% 334
\BOOKMARK [2][-]{subsection.27.2.1}{Example}{section.27.2}% 335
\BOOKMARK [2][-]{subsection.27.2.2}{bold0mu mumu pX|Y\(x,y\)pX|Y\(x,y\)pX|Y\(x,y\)pX|Y\(x,y\)pX|Y\(x,y\)pX|Y\(x,y\) is a probability mass fuinction}{section.27.2}% 336
\BOOKMARK [2][-]{subsection.27.2.3}{Using law of total probability to find a marginal pmf}{section.27.2}% 337
\BOOKMARK [1][-]{section.27.3}{Conditional probabilities \(continuous\)}{chapter.27}% 338
\BOOKMARK [2][-]{subsection.27.3.1}{Example}{section.27.3}% 339
\BOOKMARK [2][-]{subsection.27.3.2}{Law of total probability for a marginal pdf}{section.27.3}% 340
\BOOKMARK [1][-]{section.27.4}{Conditional expected values}{chapter.27}% 341
\BOOKMARK [2][-]{subsection.27.4.1}{Example \(discrete\)}{section.27.4}% 342
\BOOKMARK [2][-]{subsection.27.4.2}{Example \(continuous\)}{section.27.4}% 343
\BOOKMARK [0][-]{chapter.28}{Lecture 28: Independence of two random variables}{}% 344
\BOOKMARK [1][-]{section.28.1}{Independent discrete random variables}{chapter.28}% 345
\BOOKMARK [2][-]{subsection.28.1.1}{Example}{section.28.1}% 346
\BOOKMARK [2][-]{subsection.28.1.2}{Example}{section.28.1}% 347
\BOOKMARK [1][-]{section.28.2}{Independent continuous random variables}{chapter.28}% 348
\BOOKMARK [2][-]{subsection.28.2.1}{Example}{section.28.2}% 349
\BOOKMARK [2][-]{subsection.28.2.2}{Example}{section.28.2}% 350
\BOOKMARK [1][-]{section.28.3}{Expected value of joint random variables}{chapter.28}% 351
\BOOKMARK [2][-]{subsection.28.3.1}{Expected value and variance of independent random variables}{section.28.3}% 352
\BOOKMARK [1][-]{section.28.4}{Mean and variance of binomial distribution}{chapter.28}% 353
\BOOKMARK [0][-]{chapter.29}{Lecture 29: Covariance}{}% 354
\BOOKMARK [1][-]{subsection.29.0.1}{Example}{chapter.29}% 355
\BOOKMARK [2][-]{subsection.29.0.2}{Example \(also, a new kind of symmetry\)}{subsection.29.0.1}% 356
\BOOKMARK [1][-]{section.29.1}{Properties of covariance}{chapter.29}% 357
\BOOKMARK [2][-]{subsection.29.1.1}{Example}{section.29.1}% 358
\BOOKMARK [2][-]{subsection.29.1.2}{Relationship between variance and covariance}{section.29.1}% 359
\BOOKMARK [0][-]{chapter.30}{Lecture 30: Correlation, and more multinomial distribution}{}% 360
\BOOKMARK [1][-]{subsection.30.0.1}{Properties of correlation}{chapter.30}% 361
\BOOKMARK [1][-]{section.Alph0.1}{Appendix}{chapter.30}% 362
\BOOKMARK [1][-]{section.Alph0.2}{Appendix}{chapter.30}% 363
\BOOKMARK [1][-]{section.Alph0.3}{Appendix}{chapter.30}% 364
\BOOKMARK [1][-]{section.Alph0.4}{Appendix}{chapter.30}% 365
